2026-09-17;10:26;a;ECRITURE;8;OK
2026-09-17;10:27;a;LECTURE;8;OK
2026-09-18;09:16;a;LECTURE;8;OK
2026-09-18;09:16;a;LECTURE;8;OK
2026-09-18;09:17;a;ECRITURE;8;OK
2026-09-18;09:17;a;SUPPRIMER;8;OK
2026-09-18;09:21;mostafa;LECTURE;8;REFUSEE
2026-09-18;09:21;mostafa;ECRITURE;8;REFUSEE
2026-09-18;09:23;mostafa;LECTURE;8;OK
2026-09-18;11:07;mostafa;LECTURE;8;REFUSEE
2026-09-19;16:26;a;ECRITURE;7.txt;OK
2026-09-19;16:26;a;LECTURE;7.txt;OK
2026-09-19;16:27;a;LECTURE;7.txt;OK
2026-09-19;16:27;a;SUPPRIMER;7.txt;REFUSEE
2026-09-19;16:57;AZIZ;ECRITURE;test.ja;OK
2026-09-19;16:57;AZIZ;LECTURE;test.ja;OK
2026-09-19;16:58;a;LECTURE;test.ja;REFUSEE
2026-09-19;16:58;a;ECRITURE;test.ja;REFUSEE
2026-09-19;16:58;a;SUPPRIMER;test.ja;REFUSEE
2026-09-19;16:58;AZIZ;LECTURE;8;REFUSEE
2026-09-19;16:59;AZIZ;ECRITURE;8;OK
2026-09-19;16:59;AZIZ;LECTURE;8;REFUSEE
